21 sheets

  1/21 Cua Day (E)            FAILED  L: no rim found inside the thick line
  2/21 Cua Day (W)            FAILED  R: no rim found inside the thick line
  3/21 Do Son (E)             FAILED  L: no rim found inside the thick line
  4/21 Do Son (W)             FAILED  R: no rim found inside the thick line
  5/21 Hai Duong (E)          FAILED  L: no rim found inside the thick line
  explicit cache unavailable (400 INVALID_ARGUMENT. {'error': {'code': 400, 'message': 'Cached content is too small. tot); sending prompt inline
  6/21 Hon Dau                ok   116.00/23.000g 4.240m/px  axes 0.29%   
  7/21 Kien Hanh (E)          FAILED  L: no rim found inside the thick line
  8/21 Kien Hanh (W)          FAILED  R: no rim found inside the thick line
  9/21 Lach Truong            FAILED  R: thick line residual 7.4px
 10/21 Nam Dong               ok   115.80/22.625g 4.248m/px  axes 0.21%   
 11/21 Nhan Ly                FAILED  L: no rim found inside the thick line
 12/21 Phu Ninh Giang (E)     FAILED  L: no rim found inside the thick line
 13/21 Phu Ninh Giang (W)     FAILED  R: no rim found inside the thick line
 14/21 Phu Quoc Oai (E)       FAILED  L: no rim found inside the thick line
 15/21 Phu Xuyen (E)          FAILED  L: thick line residual 58.6px
 16/21 Phu Xuyen (W)          FAILED  R: thick line residual 18.3px
 17/21 Quang Thua (W)         FAILED  R: thick line residual 97.1px
 18/21 Thanh Oai (W)          FAILED  R: no rim found inside the thick line
 19/21 Thuy Anh               ok   115.80/22.875g 4.244m/px  axes 0.19%   
 20/21 Van Ly (E)             FAILED  L: no rim found inside the thick line
 21/21 Van Ly (W)             FAILED  R: no rim found inside the thick line

3/21 clear the gate
