119 scans to ingest

   0 bis E  Nha Nam (E)            1907  5877f37a-98e2-475c-ab8f-ef0cc0f22269
   0 bis W  Nha Nam (W)            1907  2c5abbc2-2a4c-4fea-82e2-b20f1bd4b243
       1 E  Viet Tri (E)           1906  92934985-3353-4a14-a362-8ff866f459c7
       1 W  Viet Tri (W)           1906  e90e218e-92e9-46b5-8ff0-4d8c78836bbb
       2 E  Vinh Yen (E)           1906  a5556e3a-d04f-4d06-90d6-f4c434b6a562
       2 W  Vinh Yen (W)           1906  ba47b187-c203-4281-8ef2-e610c2dbca5b
       2 E  Vinh Yen (E)           1919  d15d6783-acec-4af5-91cb-ba8c543f84a9
       2 W  Vinh Yen (W)           1919  6ab8c7fc-8410-429b-934c-d3f5a99f8f20
       3 E  Binh Xuyen (E)         1924  b031e8b7-b8c2-4c73-9bd0-62f7c4e2749c
       3 W  Binh Xuyen (W)         1924  f642288e-1775-4f77-a67f-a2423710305f
       4 E  Hiep Hoa (E)           1912  2d617df0-af13-4215-a8ca-964b7c18618f
       4 W  Hiep Hoa (W)           1912  6638e9f8-3955-48b2-b057-d8bc883eef8a
       5 E  Phu Lang Thuong (E)    1912  a39d5bb0-645e-4f07-8a83-bd94f615ff87
       5 W  Phu Lang Thuong (W)    1912  09427afc-86c7-4594-86f1-45c343b9015d
   5 bis E  Bao Loc (E)            1907  a63ed0d9-207c-4216-836d-654ce42fbaed
   5 bis W  Bao Loc (W)            1907  78165525-8fda-4bcf-94c9-2e8114c44b96
       6 E  Phu Quang Oai (E)      1906  7cd6078e-e3be-43d4-8ce0-50d5b11b3be6
       6 W  Phu Quang Oai (W)      1906  2f7c65d4-0798-4380-a610-b806161f1f80
      10 E  Bac Ninh (E)           1911  e8e426ce-cdf6-4fa1-862b-e870cf155c6f
      10 W  Bac Ninh (W)           1911  b427b46d-b979-4016-95c4-53c1b7bbf1de
  10 bis E  Cam Ly (E)             1907  2c7dff31-b14b-4a24-b204-7297e6775eb9
  10 bis W  Cam Ly (W)             1907  e2d0931a-473e-45b2-bdb2-dc577d0a74c7
      12 E  Son Tay (E)            1924  58a5cea1-ed0a-4055-a10e-fc7a3a062359
      12 W  Son Tay (W)            1924  93f441c5-d804-4fba-858b-2bd0139d55ef
      13 E  Hoai Duc Phu (E)       1911  4c9d97b2-c2d4-450b-aa0b-0f7412a7fb93
      13 W  Hoai Duc Phu (W)       1911  aaaacdb6-7c4c-4738-a565-f59952f98ce0
      13 E  Hoai Duc Phu (E)       1925  31a65cb6-067e-4881-b230-6f353c9090c4
      13 W  Hoai Duc Phu (W)       1925  c495d991-a96c-424d-b436-40ac2a490179
      14 E  Phu Tu Son (E)         1911  ae8dcc2f-18f1-46ba-9112-20f5c55ef5f5
      14 W  Phu Tu Son (W)         1911  e142ec17-8bfe-49a4-a84e-52e606311d26
      14 E  Phu Tu Son (E)         1925  9ff5e522-9fb9-40a1-80ec-5161f5419490
      14 W  Phu Tu Son (W)         1925  7b259a07-30b2-408d-bd98-80117fa5f95a
      15 E  Gia Binh (E)           1911  fbf1f407-4ed7-4025-b485-2988136c4b27
      15 W  Gia Binh (W)           1911  1baaa0d6-8f7f-47e9-afe5-dba807caeb16
      16 E  Sept Pagodes (E)       1925  7bd9c8b4-2ba0-4890-9d9f-5335edf7e419
      16 W  Sept Pagodes (W)       1925  84d427a3-3611-4eff-a997-9093423639a8
      17 E  Dong Trieu (E)         1905  e4da2532-b90c-4488-bb66-eaf69904ddc5
      17 W  Dong Trieu (W)         1905  0904e169-2df7-4184-aec7-478373002f58
      20 E  Ha Noi (E)             1903  7489b168-8e42-4400-b158-e160ddeecbb2
      20 W  Ha Noi (W)             1903  c9bd3d53-31ba-43bc-b122-d32b47ab7bcb
      21 E  Ban Yen Nhan (E)       1924  13c0420f-9b73-4293-a14b-d1d0f928a4aa
      21 W  Ban Yen Nhan (W)       1924  8d48a6d8-27cc-4e6a-97b8-4be07dfe0db6
      23 E  Yen Luu (E)            1904  a0b8eb6b-5367-4e9c-8ba3-6d44f7163874
      23 W  Yen Luu (W)            1904  2f2fa515-aabb-44aa-82e3-fb79fa414ae1
      24 E  Mai Dong (E)           1904  ef0b0f6c-6f8e-4f63-8f27-d75d89cfcead
      24 W  Mai Dong (W)           1904  adbab1b7-54dd-47d3-8aa6-e775d7b68389
      25 E  Quang Yen (E)          1904  16561804-c47e-4272-8662-22174e941c76
      25 W  Quang Yen (W)          1904  d78fc18d-6c43-4b4f-9d00-907fabcdc372
      27 E  Thuong Tin Phu (E)     1905  13ad86e0-205a-437e-8ae4-3a7f3d6b6cf9
      27 W  Thuong Tin Phu (W)     1905  d3b01cb5-24aa-4591-92bf-5ecc2c081462
      28 E  Ke Sat (E)             1905  a57b0070-35d9-4174-aa0c-f8574032589c
      28 W  Ke Sat (W)             1905  9a8512eb-8097-443c-be48-f80888f66814
      29 E  Gia Loc (E)            1904  e710d264-170a-4e27-975e-45204d3f86a6
      29 W  Gia Loc (W)            1904  a2e1e559-1e07-44fb-889c-ebd86b5ad729
      30 E  Kim Thanh (E)          1904  5644ee5e-a13e-4cbd-82cd-a83761469a79
      30 W  Kim Thanh (W)          1904  aca4952a-febc-4a23-b072-0fa72525a20c
      31 E  Hai Phong (E)          1904  f546e37b-5bf9-4c8e-a705-043e2f981b9d
      31 W  Hai Phong (W)          1904  2618c62a-1f2f-43f6-ae94-34e93c586dee
      32 E  Quang Yen (Sud) (E)    1904  70646854-19d2-4e09-bd04-e321bb89c429
      32 W  Quang Yen (Sud) (W)    1904  c0b83feb-4513-4679-a757-ef145e68a44b
      33 E  Phu Ung Hoa (E)        1924  505f4124-ffa1-4403-b9d4-6cc8f6eefa4b
      33 W  Phu Ung Hoa (W)        1924  13818051-fa3e-4c8c-bad3-746079cbc18c
      36 E  My Dong (E)            1924  6b3d2a87-4b97-4bfd-b191-aabf743dffba
      36 W  My Dong (W)            1924  57334c09-9faf-4e83-9bd4-8a4d3809a014
      38 E  Kien An (E)            1926  6a1af880-631f-48b5-8c7b-c4e162333534
      38 W  Kien An (W)            1926  09d8780a-951b-4709-8126-95db0e65d96e
      41 E  Dong Van (E)           1905  1129fe32-fe7d-4832-a64e-9deb8c4a5a48
      41 W  Dong Van (W)           1905  e5b835fe-2be4-4172-9570-222810b1bae8
      42 E  Hung Yen (E)           1926  63670043-5ee0-41b0-9b9f-bb63d2e3431f
      42 W  Hung Yen (W)           1926  95c5e471-4780-4336-b7d0-c367f2a833dc
      43 E  Quinh Coi (E)          1905  0880bacb-5bc5-4e67-b3d6-ccc65affd0e2
      43 W  Quynh Coi (W)          1905  2103c2b4-6daa-40ea-be40-1e1528951e1c
      44 E  Phu Duc (E)            1926  d677bf68-b45b-424c-ad42-cb4b60d4d059
      44 W  Phu Duc (W)            1926  2bb7f54e-3816-477f-bc1f-859e1e19f7de
      45 E  Cua Thai Binh (E)      1905  7e52601c-15c5-48e0-97eb-79836d8a6783
      45 W  Cua Thai Binh (W)      1905  a60d0283-aa7f-4402-8587-17beb3aacb8d
      48 E  Phu Ly (E)             1905  a53d65ad-8bbb-4104-bc27-023458ea20ff
      48 W  Phu Ly (W)             1905  d8478e07-9147-4275-83e3-0b8dfbe29998
      49 E  Nhu Trac (E)           1903  3be4a57c-4e23-42d5-ad57-0790d667bd1f
      49 W  Nhu Trac (W)           1903  ee6621a2-7a40-43b2-94ea-2831bd340b23
      50 E  Phu Tien Hung (E)      1904  2602135f-871c-4c11-ba56-ca22ce052e7f
      50 W  Phu Tien Hung (W)      1904  a8adfd8d-28a9-4745-bc9d-ddceca96f062
      51 E  Dong Quan (E)          1905  32ed0d8c-ca1f-4588-af17-ea56131234af
      51 W  Dong Quan (W)          1905  414843e5-a0da-4c1c-b0fe-bf4bf37e2222
      54 E  Y Yen (E)              1905  23d90bad-71cf-43a5-8f37-a1a59ce90148
      54 W  Y Yen (W)              1905  514522d7-c76b-4ca0-bed1-696975289e3e
      55 E  Nam Dinh (E)           1905  d0e3a6c0-c418-45cc-99ba-2ca2c970d9ec
      55 W  Nam Dinh (W)           1905  e4f927dc-555d-4e9f-8bb3-a1ae20ef6e15
      56 E  Thai Binh (E)          1905  0ec6c35a-7e4f-4240-a443-c4ec841bfbae
      56 W  Thai Binh (W)          1905  69470ed1-52d0-4e90-a763-6231f468e1a7
      57 E  Kien Xuong (E)         1905  e4092e8f-ffe6-46dd-905e-1a732f75cb5c
      57 W  Kien Xuong (W)         1905  a74d0ddf-f0ab-4772-90d3-228126d5d1ff
      59 E  Ninh Binh (E)          1924  5ab2294d-e1e0-451d-b5de-5b66c62a6ffb
      59 W  Ninh Binh (W)          1924  1ab0b8a2-9bbf-4bd4-80f7-dc40bb766182
      60 E  Phu Nghia Hung (E)     1903  4605a6d4-8522-44d9-a5c3-6dd022a21920
      60 W  Phu Nghia Hung (W)     1903  970ba0e5-aadd-4b69-9bcc-1983dd384f30
      61 E  Phu Xyan Truong (E)    1905  f1a53658-5083-4cf5-ab44-ccad08bcea8b
      61 W  Phu Xyan Truong (W)    1905  8451520b-4bcb-4ce5-a029-00d091b7f0a5
      62 E  Cua Ba Lat (E)         1905  c5b452e1-6c50-41b1-b56f-5fb2a5e2a42b
      62 W  Cua Ba Lat (W)         1905  061b510f-e496-43cc-b38b-5af048dc0aaa
      64 E  Cho Ganh (E)           1905  e90ede23-8859-4d4a-87e2-293333050516
      64 W  Cho Ganh (W)           1905  2803d3c9-70f1-43e6-acff-6bf4acdcf691
      65 E  Phu Nhac (E)           1906  11d5b651-bacc-4788-8164-e443a2f55ee8
      65 W  Phu Nhac (W)           1906  ab222188-47ea-43a5-814a-eb0afc9cab31
      66 E  Quat Lam (E)           1926  5e423ff0-e72b-4e17-a109-c772172e299b
      66 W  Quat Lam (W)           1926  b58d5a50-dba7-425f-8d53-c8c48e080d2f
      68 E  Bien Son (E)           1906  8b8bee9b-82ba-46f5-a3f4-eb291d441cf9
      68 W  Bien Son (W)           1906  a8fb55c1-c061-4c07-8de4-28266eafb0cf
      69 W  Phat Diem (W)          1927  039a3912-fcf4-45c2-b1ac-5bb519843c52
      71 E  Yen Lang (E)           1919  43cc06fa-52d9-492a-9506-1a2155bca842
      71 W  Yen Lang (W)           1919  0e26c9a6-dd1b-4423-8ca4-70c670da0fe5
      72 E  Yen Dinh (E)           1905  de738937-06a0-46b1-b444-aac6a4d0935b
      72 W  Yen Dinh (W)           1905  b9f52bce-b42b-42cb-bfa1-f92ad624e7e7
      73 E  Sen Cu (E)             1905  a2bc9c89-6ef8-407e-95e8-783207165226
      73 W  Sen Cu (W)             1905  bda7e163-2c95-41a4-a590-0482ffd13acd
      74 E  Loi Duong (E)          1919  bccf46dc-20b8-4d60-b935-1b08936a4655
      74 W  Loi Duong (W)          1919  79a0b801-c98e-4639-91c0-5519ab2b7577
      75 E  Thanh Hoa (E)          1904  6dbda85b-1445-4b86-8de8-6cd765f63a8a
      75 W  Thanh Hoa (W)          1904  cad48f6e-4aa2-4d32-b8f0-d7ec29f05c7a

119/119 mirrored. Next: tonkin_georef.py all, then annotate --write.
