Warning 1: Unhandled (yet) value for Datum : IND-I. Defaulting to WGS84...
Warning 1: Self-intersection at or near point 663569.38050004677 1271595.7930908485
Warning 1: A geometry of type MULTIPOLYGON is inserted into layer cutline of geometry type POLYGON, which is not normally allowed by the GeoPackage specification, but the driver will however do it. To create a conformant GeoPackage, if using ogr2ogr, the -nlt option can be used to override the layer geometry type. This warning will no longer be emitted for this combination of layer and feature geometry type.
Warning 1: Unhandled (yet) value for Datum : IND-I. Defaulting to WGS84...
Warning 1: Unhandled (yet) value for Datum : IND-I. Defaulting to WGS84...
Warning 1: Unhandled (yet) value for Datum : IND-I. Defaulting to WGS84...
Warning 1: Unhandled (yet) value for Datum : IND-I. Defaulting to WGS84...
Warning 1: Unhandled (yet) value for Datum : IND-I. Defaulting to WGS84...
Warning 1: Unhandled (yet) value for Datum : IND-I. Defaulting to WGS84...
Warning 1: Unhandled (yet) value for Datum : IND-I. Defaulting to WGS84...
Warning 1: Unhandled (yet) value for Datum : IND-I. Defaulting to WGS84...
Warning 1: Unhandled (yet) value for Datum : IND-I. Defaulting to WGS84...
Warning 1: Unhandled (yet) value for Datum : IND-I. Defaulting to WGS84...
Warning 1: Unhandled (yet) value for Datum : IND-I. Defaulting to WGS84...
Warning 1: Unhandled (yet) value for Datum : IND-I. Defaulting to WGS84...
Warning 1: Unhandled (yet) value for Datum : IND-I. Defaulting to WGS84...
Warning 1: Unhandled (yet) value for Datum : IND-I. Defaulting to WGS84...
Warning 1: Unhandled (yet) value for Datum : IND-I. Defaulting to WGS84...
Warning 1: Unhandled (yet) value for Datum : IND-I. Defaulting to WGS84...
Warning 1: Unhandled (yet) value for Datum : IND-I. Defaulting to WGS84...
Warning 1: Unhandled (yet) value for Datum : IND-I. Defaulting to WGS84...
Warning 1: Unhandled (yet) value for Datum : IND-I. Defaulting to WGS84...
Warning 1: Unhandled (yet) value for Datum : IND-I. Defaulting to WGS84...
Warning 1: Unhandled (yet) value for Datum : IND-I. Defaulting to WGS84...
Warning 1: Unhandled (yet) value for Datum : IND-I. Defaulting to WGS84...
Warning 1: Unhandled (yet) value for Datum : IND-I. Defaulting to WGS84...
Warning 1: Unhandled (yet) value for Datum : IND-I. Defaulting to WGS84...
Warning 1: Unhandled (yet) value for Datum : IND-I. Defaulting to WGS84...
Warning 1: Unhandled (yet) value for Datum : IND-I. Defaulting to WGS84...
Warning 1: Unhandled (yet) value for Datum : IND-I. Defaulting to WGS84...
Warning 1: Unhandled (yet) value for Datum : IND-I. Defaulting to WGS84...
Warning 1: Unhandled (yet) value for Datum : IND-I. Defaulting to WGS84...
Warning 1: Unhandled (yet) value for Datum : IND-I. Defaulting to WGS84...
Warning 1: Unhandled (yet) value for Datum : IND-I. Defaulting to WGS84...
Warning 1: Unhandled (yet) value for Datum : IND-I. Defaulting to WGS84...
Warning 1: Unhandled (yet) value for Datum : IND-I. Defaulting to WGS84...
Warning 1: Unhandled (yet) value for Datum : IND-I. Defaulting to WGS84...
Warning 1: Unhandled (yet) value for Datum : IND-I. Defaulting to WGS84...
Warning 1: Unhandled (yet) value for Datum : IND-I. Defaulting to WGS84...
Warning 1: Unhandled (yet) value for Datum : IND-I. Defaulting to WGS84...
Warning 1: Unhandled (yet) value for Datum : IND-I. Defaulting to WGS84...
Warning 1: Unhandled (yet) value for Datum : IND-I. Defaulting to WGS84...
Warning 1: Unhandled (yet) value for Datum : IND-I. Defaulting to WGS84...
Warning 1: Unhandled (yet) value for Datum : IND-I. Defaulting to WGS84...
Warning 1: Unhandled (yet) value for Datum : IND-I. Defaulting to WGS84...
Warning 1: Unhandled (yet) value for Datum : IND-I. Defaulting to WGS84...
Warning 1: Unhandled (yet) value for Datum : IND-I. Defaulting to WGS84...
Warning 1: Unhandled (yet) value for Datum : IND-I. Defaulting to WGS84...
Warning 1: Unhandled (yet) value for Datum : IND-I. Defaulting to WGS84...
Warning 1: Unhandled (yet) value for Datum : IND-I. Defaulting to WGS84...
Warning 1: Unhandled (yet) value for Datum : IND-I. Defaulting to WGS84...
Warning 1: Self-intersection at or near point 798281.94491215085 1438633.496272054
Warning 1: A geometry of type MULTIPOLYGON is inserted into layer cutline of geometry type POLYGON, which is not normally allowed by the GeoPackage specification, but the driver will however do it. To create a conformant GeoPackage, if using ogr2ogr, the -nlt option can be used to override the layer geometry type. This warning will no longer be emitted for this combination of layer and feature geometry type.
Warning 1: Unhandled (yet) value for Datum : IND-I. Defaulting to WGS84...
Warning 1: Unhandled (yet) value for Datum : IND-I. Defaulting to WGS84...
Warning 1: Unhandled (yet) value for Datum : IND-I. Defaulting to WGS84...
Warning 1: Unhandled (yet) value for Datum : IND-I. Defaulting to WGS84...
Warning 1: Unhandled (yet) value for Datum : IND-I. Defaulting to WGS84...
Warning 1: Unhandled (yet) value for Datum : IND-I. Defaulting to WGS84...
Warning 1: Self-intersection at or near point 318116.45639724168 2322949.6411184096
Warning 1: A geometry of type MULTIPOLYGON is inserted into layer cutline of geometry type POLYGON, which is not normally allowed by the GeoPackage specification, but the driver will however do it. To create a conformant GeoPackage, if using ogr2ogr, the -nlt option can be used to override the layer geometry type. This warning will no longer be emitted for this combination of layer and feature geometry type.
Warning 1: Self-intersection at or near point 217619.18738856184 2518251.3601387069
Warning 1: A geometry of type MULTIPOLYGON is inserted into layer cutline of geometry type POLYGON, which is not normally allowed by the GeoPackage specification, but the driver will however do it. To create a conformant GeoPackage, if using ogr2ogr, the -nlt option can be used to override the layer geometry type. This warning will no longer be emitted for this combination of layer and feature geometry type.
Warning 1: Unhandled (yet) value for Datum : IND-I. Defaulting to WGS84...
Warning 1: Unhandled (yet) value for Datum : IND-I. Defaulting to WGS84...
Warning 1: Unhandled (yet) value for Datum : IND-I. Defaulting to WGS84...
Warning 1: Unhandled (yet) value for Datum : IND-I. Defaulting to WGS84...
Warning 1: Unhandled (yet) value for Datum : IND-I. Defaulting to WGS84...
Warning 1: Unhandled (yet) value for Datum : IND-I. Defaulting to WGS84...
Warning 1: Unhandled (yet) value for Datum : INF-A. Defaulting to WGS84...
Warning 1: Unhandled (yet) value for Datum : IND-I. Defaulting to WGS84...
Warning 1: Unhandled (yet) value for Datum : IND-I. Defaulting to WGS84...
Warning 1: Unhandled (yet) value for Datum : IND-I. Defaulting to WGS84...
Warning 1: Unhandled (yet) value for Datum : IND-I. Defaulting to WGS84...
Warning 1: Unhandled (yet) value for Datum : IND-I. Defaulting to WGS84...
Warning 1: Unhandled (yet) value for Datum : IND-I. Defaulting to WGS84...
Warning 1: Unhandled (yet) value for Datum : IND-I. Defaulting to WGS84...
Warning 1: Unhandled (yet) value for Datum : IND-I. Defaulting to WGS84...
Warning 1: Unhandled (yet) value for Datum : IND-I. Defaulting to WGS84...
Warning 1: Unhandled (yet) value for Datum : IND-I. Defaulting to WGS84...
Warning 1: Unhandled (yet) value for Datum : IND-I. Defaulting to WGS84...
Warning 1: Unhandled (yet) value for Datum : IND-I. Defaulting to WGS84...
Warning 1: Unhandled (yet) value for Datum : IND-I. Defaulting to WGS84...
Warning 1: Unhandled (yet) value for Datum : IND-I. Defaulting to WGS84...
Warning 1: Unhandled (yet) value for Datum : IND-I. Defaulting to WGS84...
Warning 1: Unhandled (yet) value for Datum : IND-I. Defaulting to WGS84...
Warning 1: Unhandled (yet) value for Datum : IND-I. Defaulting to WGS84...
Warning 1: Unhandled (yet) value for Datum : IND-I. Defaulting to WGS84...
Warning 1: Unhandled (yet) value for Datum : INF-A. Defaulting to WGS84...
Warning 1: Unhandled (yet) value for Datum : INF-A. Defaulting to WGS84...
Warning 1: Unhandled (yet) value for Datum : IND-I. Defaulting to WGS84...
Warning 1: Unhandled (yet) value for Datum : IND-I. Defaulting to WGS84...
Warning 1: Unhandled (yet) value for Datum : IND-I. Defaulting to WGS84...
Warning 1: Unhandled (yet) value for Datum : IND-I. Defaulting to WGS84...
Warning 1: Unhandled (yet) value for Datum : IND-I. Defaulting to WGS84...
Warning 1: Unhandled (yet) value for Datum : IND-I. Defaulting to WGS84...
Warning 1: Unhandled (yet) value for Datum : IND-I. Defaulting to WGS84...
Warning 1: Unhandled (yet) value for Datum : IND-I. Defaulting to WGS84...
Warning 1: Unhandled (yet) value for Datum : IND-I. Defaulting to WGS84...
Warning 1: Unhandled (yet) value for Datum : IND-I. Defaulting to WGS84...
Warning 1: Unhandled (yet) value for Datum : IND-I. Defaulting to WGS84...
Warning 1: Unhandled (yet) value for Datum : IND-I. Defaulting to WGS84...
Warning 1: Unhandled (yet) value for Datum : IND-I. Defaulting to WGS84...
Warning 1: Unhandled (yet) value for Datum : IND-I. Defaulting to WGS84...
Warning 1: Unhandled (yet) value for Datum : IND-I. Defaulting to WGS84...
Warning 1: Unhandled (yet) value for Datum : IND-I. Defaulting to WGS84...
Warning 1: Unhandled (yet) value for Datum : IND-I. Defaulting to WGS84...
Warning 1: Unhandled (yet) value for Datum : IND-I. Defaulting to WGS84...
Warning 1: Unhandled (yet) value for Datum : IND-I. Defaulting to WGS84...
Warning 1: Unhandled (yet) value for Datum : IND-I. Defaulting to WGS84...
Warning 1: Unhandled (yet) value for Datum : IND-I. Defaulting to WGS84...
Warning 1: Unhandled (yet) value for Datum : IND-I. Defaulting to WGS84...
Warning 1: Unhandled (yet) value for Datum : IND-I. Defaulting to WGS84...
Warning 1: Unhandled (yet) value for Datum : IND-I. Defaulting to WGS84...
Warning 1: Unhandled (yet) value for Datum : IND-I. Defaulting to WGS84...
Warning 1: Unhandled (yet) value for Datum : IND-I. Defaulting to WGS84...
Warning 1: Unhandled (yet) value for Datum : IND-I. Defaulting to WGS84...
Warning 1: Unhandled (yet) value for Datum : IND-I. Defaulting to WGS84...
Warning 1: Unhandled (yet) value for Datum : IND-I. Defaulting to WGS84...
Warning 1: Unhandled (yet) value for Datum : IND-I. Defaulting to WGS84...
Warning 1: Unhandled (yet) value for Datum : IND-I. Defaulting to WGS84...
Warning 1: Unhandled (yet) value for Datum : IND-I. Defaulting to WGS84...
Warning 1: Unhandled (yet) value for Datum : IND-I. Defaulting to WGS84...
Warning 1: Unhandled (yet) value for Datum : IND-I. Defaulting to WGS84...
Warning 1: Unhandled (yet) value for Datum : IND-I. Defaulting to WGS84...
Warning 1: Unhandled (yet) value for Datum : IND-I. Defaulting to WGS84...
Warning 1: Self-intersection at or near point 657072.04469750694 2267345.2149558552
Warning 1: Unhandled (yet) value for Datum : IND-I. Defaulting to WGS84...
Warning 1: Unhandled (yet) value for Datum : IND-I. Defaulting to WGS84...
Warning 1: Unhandled (yet) value for Datum : IND-I. Defaulting to WGS84...
Warning 1: Unhandled (yet) value for Datum : IND-I. Defaulting to WGS84...
Warning 1: Unhandled (yet) value for Datum : IND-I. Defaulting to WGS84...
Warning 1: Unhandled (yet) value for Datum : IND-I. Defaulting to WGS84...
Warning 1: Unhandled (yet) value for Datum : IND-I. Defaulting to WGS84...
Warning 1: Unhandled (yet) value for Datum : IND-I. Defaulting to WGS84...
Warning 1: Unhandled (yet) value for Datum : IND-I. Defaulting to WGS84...
Warning 1: Unhandled (yet) value for Datum : IND-I. Defaulting to WGS84...
Warning 1: Unhandled (yet) value for Datum : IND-I. Defaulting to WGS84...
Warning 1: Unhandled (yet) value for Datum : IND-I. Defaulting to WGS84...
Warning 1: Unhandled (yet) value for Datum : IND-I. Defaulting to WGS84...
Warning 1: Unhandled (yet) value for Datum : IND-I. Defaulting to WGS84...
Warning 1: Unhandled (yet) value for Datum : IND-I. Defaulting to WGS84...
Warning 1: Unhandled (yet) value for Datum : IND-I. Defaulting to WGS84...
Warning 1: Unhandled (yet) value for Datum : IND-I. Defaulting to WGS84...
Warning 1: Unhandled (yet) value for Datum : IND-I. Defaulting to WGS84...
Warning 1: Unhandled (yet) value for Datum : INF-A. Defaulting to WGS84...
Warning 1: Unhandled (yet) value for Datum : IND-I. Defaulting to WGS84...
Warning 1: Unhandled (yet) value for Datum : IND-I. Defaulting to WGS84...
Warning 1: Unhandled (yet) value for Datum : IND-I. Defaulting to WGS84...
Warning 1: Unhandled (yet) value for Datum : IND-I. Defaulting to WGS84...
Warning 1: Unhandled (yet) value for Datum : IND-I. Defaulting to WGS84...
Warning 1: Unhandled (yet) value for Datum : IND-I. Defaulting to WGS84...
Warning 1: Unhandled (yet) value for Datum : IND-I. Defaulting to WGS84...
Warning 1: Unhandled (yet) value for Datum : IND-I. Defaulting to WGS84...
Warning 1: Unhandled (yet) value for Datum : IND-I. Defaulting to WGS84...
Warning 1: Unhandled (yet) value for Datum : IND-I. Defaulting to WGS84...
Warning 1: Unhandled (yet) value for Datum : IND-I. Defaulting to WGS84...
Warning 1: Unhandled (yet) value for Datum : IND-I. Defaulting to WGS84...
Warning 1: Unhandled (yet) value for Datum : IND-I. Defaulting to WGS84...
Warning 1: Unhandled (yet) value for Datum : IND-I. Defaulting to WGS84...
Warning 1: Unhandled (yet) value for Datum : IND-I. Defaulting to WGS84...
Warning 1: Unhandled (yet) value for Datum : IND-I. Defaulting to WGS84...
Warning 1: Unhandled (yet) value for Datum : IND-I. Defaulting to WGS84...
Warning 1: Unhandled (yet) value for Datum : IND-I. Defaulting to WGS84...
Warning 1: Unhandled (yet) value for Datum : IND-I. Defaulting to WGS84...
Warning 1: Unhandled (yet) value for Datum : IND-I. Defaulting to WGS84...
Warning 1: Unhandled (yet) value for Datum : IND-I. Defaulting to WGS84...
Warning 1: Unhandled (yet) value for Datum : IND-I. Defaulting to WGS84...
Warning 1: Unhandled (yet) value for Datum : IND-I. Defaulting to WGS84...
Warning 1: Unhandled (yet) value for Datum : IND-I. Defaulting to WGS84...
Warning 1: Unhandled (yet) value for Datum : IND-I. Defaulting to WGS84...
Warning 1: Unhandled (yet) value for Datum : IND-I. Defaulting to WGS84...
Warning 1: Unhandled (yet) value for Datum : IND-I. Defaulting to WGS84...
Warning 1: Unhandled (yet) value for Datum : IND-I. Defaulting to WGS84...
Warning 1: Unhandled (yet) value for Datum : IND-I. Defaulting to WGS84...
Warning 1: Unhandled (yet) value for Datum : IND-I. Defaulting to WGS84...
Warning 1: Unhandled (yet) value for Datum : IND-I. Defaulting to WGS84...
Warning 1: Unhandled (yet) value for Datum : IND-I. Defaulting to WGS84...
Warning 1: Unhandled (yet) value for Datum : IND-I. Defaulting to WGS84...
Warning 1: Unhandled (yet) value for Datum : IND-I. Defaulting to WGS84...
Warning 1: Unhandled (yet) value for Datum : IND-I. Defaulting to WGS84...
Warning 1: Unhandled (yet) value for Datum : IND-I. Defaulting to WGS84...
Warning 1: Unhandled (yet) value for Datum : IND-I. Defaulting to WGS84...
Warning 1: Self-intersection at or near point 472603.51133676822 1105350.2788233906
Warning 1: A geometry of type MULTIPOLYGON is inserted into layer cutline of geometry type POLYGON, which is not normally allowed by the GeoPackage specification, but the driver will however do it. To create a conformant GeoPackage, if using ogr2ogr, the -nlt option can be used to override the layer geometry type. This warning will no longer be emitted for this combination of layer and feature geometry type.
Warning 1: Unhandled (yet) value for Datum : IND-I. Defaulting to WGS84...
Warning 1: Unhandled (yet) value for Datum : IND-I. Defaulting to WGS84...
Warning 1: Unhandled (yet) value for Datum : IND-I. Defaulting to WGS84...
Warning 1: Unhandled (yet) value for Datum : IND-I. Defaulting to WGS84...
Warning 1: Unhandled (yet) value for Datum : IND-I. Defaulting to WGS84...
Warning 1: Unhandled (yet) value for Datum : IND-I. Defaulting to WGS84...
Warning 1: Unhandled (yet) value for Datum : IND-I. Defaulting to WGS84...
Warning 1: Unhandled (yet) value for Datum : IND-I. Defaulting to WGS84...
Warning 1: Unhandled (yet) value for Datum : IND-I. Defaulting to WGS84...
Warning 1: Unhandled (yet) value for Datum : IND-I. Defaulting to WGS84...
Warning 1: Unhandled (yet) value for Datum : IND-I. Defaulting to WGS84...
Warning 1: Unhandled (yet) value for Datum : IND-I. Defaulting to WGS84...
Warning 1: Unhandled (yet) value for Datum : IND-I. Defaulting to WGS84...
Warning 1: Unhandled (yet) value for Datum : IND-I. Defaulting to WGS84...
Warning 1: Unhandled (yet) value for Datum : IND-I. Defaulting to WGS84...
Warning 1: Unhandled (yet) value for Datum : IND-I. Defaulting to WGS84...
Warning 1: Unhandled (yet) value for Datum : IND-I. Defaulting to WGS84...
Warning 1: Unhandled (yet) value for Datum : IND-I. Defaulting to WGS84...
Warning 1: Unhandled (yet) value for Datum : INF-A. Defaulting to WGS84...
Warning 1: Unhandled (yet) value for Datum : INF-A. Defaulting to WGS84...
Warning 1: Unhandled (yet) value for Datum : INF-A. Defaulting to WGS84...
Warning 1: Unhandled (yet) value for Datum : INF-A. Defaulting to WGS84...
Warning 1: Unhandled (yet) value for Datum : INF-A. Defaulting to WGS84...
Warning 1: Unhandled (yet) value for Datum : INF-A. Defaulting to WGS84...
Warning 1: Unhandled (yet) value for Datum : IND-I. Defaulting to WGS84...
Warning 1: Unhandled (yet) value for Datum : IND-I. Defaulting to WGS84...
Warning 1: Unhandled (yet) value for Datum : IND-I. Defaulting to WGS84...
Warning 1: Unhandled (yet) value for Datum : IND-I. Defaulting to WGS84...
Warning 1: Unhandled (yet) value for Datum : IND-I. Defaulting to WGS84...
Warning 1: Unhandled (yet) value for Datum : IND-I. Defaulting to WGS84...
Warning 1: Self-intersection at or near point 734752.33308041992 2323621.8223219896
Warning 1: Unhandled (yet) value for Datum : IND-I. Defaulting to WGS84...
Warning 1: Unhandled (yet) value for Datum : IND-I. Defaulting to WGS84...
Warning 1: Unhandled (yet) value for Datum : IND-I. Defaulting to WGS84...
Warning 1: Unhandled (yet) value for Datum : IND-I. Defaulting to WGS84...
Warning 1: Unhandled (yet) value for Datum : IND-I. Defaulting to WGS84...
Warning 1: Unhandled (yet) value for Datum : IND-I. Defaulting to WGS84...
Warning 1: Unhandled (yet) value for Datum : IND-I. Defaulting to WGS84...
Warning 1: Unhandled (yet) value for Datum : IND-I. Defaulting to WGS84...
Warning 1: Unhandled (yet) value for Datum : IND-I. Defaulting to WGS84...
Warning 1: Unhandled (yet) value for Datum : IND-I. Defaulting to WGS84...
Warning 1: Unhandled (yet) value for Datum : IND-I. Defaulting to WGS84...
Warning 1: Unhandled (yet) value for Datum : IND-I. Defaulting to WGS84...
Warning 1: Self-intersection at or near point 499991.23656195175 2211295.0032135183
Warning 1: A geometry of type MULTIPOLYGON is inserted into layer cutline of geometry type POLYGON, which is not normally allowed by the GeoPackage specification, but the driver will however do it. To create a conformant GeoPackage, if using ogr2ogr, the -nlt option can be used to override the layer geometry type. This warning will no longer be emitted for this combination of layer and feature geometry type.
Warning 1: Unhandled (yet) value for Datum : IND-I. Defaulting to WGS84...
Warning 1: Unhandled (yet) value for Datum : IND-I. Defaulting to WGS84...
Warning 1: Unhandled (yet) value for Datum : IND-I. Defaulting to WGS84...
Warning 1: Unhandled (yet) value for Datum : IND-I. Defaulting to WGS84...
Warning 1: Unhandled (yet) value for Datum : IND-I. Defaulting to WGS84...
Warning 1: Unhandled (yet) value for Datum : IND-I. Defaulting to WGS84...
Warning 1: Unhandled (yet) value for Datum : IND-I. Defaulting to WGS84...
Warning 1: Unhandled (yet) value for Datum : IND-I. Defaulting to WGS84...
Warning 1: Unhandled (yet) value for Datum : IND-I. Defaulting to WGS84...
Warning 1: Unhandled (yet) value for Datum : IND-I. Defaulting to WGS84...
Warning 1: Unhandled (yet) value for Datum : IND-I. Defaulting to WGS84...
Warning 1: Unhandled (yet) value for Datum : IND-I. Defaulting to WGS84...
Warning 1: Unhandled (yet) value for Datum : IND-I. Defaulting to WGS84...
Warning 1: Unhandled (yet) value for Datum : IND-I. Defaulting to WGS84...
Warning 1: Unhandled (yet) value for Datum : IND-I. Defaulting to WGS84...
Warning 1: Unhandled (yet) value for Datum : IND-I. Defaulting to WGS84...
Warning 1: Unhandled (yet) value for Datum : IND-I. Defaulting to WGS84...
Warning 1: Unhandled (yet) value for Datum : IND-I. Defaulting to WGS84...
Warning 1: Unhandled (yet) value for Datum : IND-I. Defaulting to WGS84...
Warning 1: Unhandled (yet) value for Datum : IND-I. Defaulting to WGS84...
Warning 1: Unhandled (yet) value for Datum : IND-I. Defaulting to WGS84...
Warning 1: Unhandled (yet) value for Datum : IND-I. Defaulting to WGS84...
Warning 1: Unhandled (yet) value for Datum : IND-I. Defaulting to WGS84...
Warning 1: Unhandled (yet) value for Datum : IND-I. Defaulting to WGS84...
Warning 1: Unhandled (yet) value for Datum : IND-I. Defaulting to WGS84...
Warning 1: Unhandled (yet) value for Datum : IND-I. Defaulting to WGS84...
Warning 1: Unhandled (yet) value for Datum : IND-I. Defaulting to WGS84...
Warning 1: Unhandled (yet) value for Datum : IND-I. Defaulting to WGS84...
Warning 1: Unhandled (yet) value for Datum : IND-I. Defaulting to WGS84...
Warning 1: Unhandled (yet) value for Datum : IND-I. Defaulting to WGS84...
Warning 1: Unhandled (yet) value for Datum : IND-I. Defaulting to WGS84...
Warning 1: Unhandled (yet) value for Datum : IND-I. Defaulting to WGS84...
Warning 1: Unhandled (yet) value for Datum : IND-I. Defaulting to WGS84...
Warning 1: Unhandled (yet) value for Datum : IND-I. Defaulting to WGS84...
Warning 1: Unhandled (yet) value for Datum : IND-I. Defaulting to WGS84...
Warning 1: Unhandled (yet) value for Datum : IND-I. Defaulting to WGS84...
Warning 1: Unhandled (yet) value for Datum : IND-I. Defaulting to WGS84...
Warning 1: Unhandled (yet) value for Datum : IND-I. Defaulting to WGS84...
Warning 1: Unhandled (yet) value for Datum : IND-I. Defaulting to WGS84...
Warning 1: Unhandled (yet) value for Datum : IND-I. Defaulting to WGS84...
Warning 1: Unhandled (yet) value for Datum : IND-I. Defaulting to WGS84...
Warning 1: Unhandled (yet) value for Datum : IND-I. Defaulting to WGS84...
Warning 1: Unhandled (yet) value for Datum : INF-A. Defaulting to WGS84...
Warning 1: Unhandled (yet) value for Datum : IND-I. Defaulting to WGS84...
Warning 1: Unhandled (yet) value for Datum : IND-I. Defaulting to WGS84...
Warning 1: Unhandled (yet) value for Datum : IND-I. Defaulting to WGS84...
Warning 1: Unhandled (yet) value for Datum : IND-I. Defaulting to WGS84...
Warning 1: Unhandled (yet) value for Datum : IND-I. Defaulting to WGS84...
Warning 1: Unhandled (yet) value for Datum : IND-I. Defaulting to WGS84...
Warning 1: Unhandled (yet) value for Datum : IND-I. Defaulting to WGS84...
Warning 1: Unhandled (yet) value for Datum : IND-I. Defaulting to WGS84...
Warning 1: Unhandled (yet) value for Datum : IND-I. Defaulting to WGS84...
Warning 1: Unhandled (yet) value for Datum : IND-I. Defaulting to WGS84...
Warning 1: Unhandled (yet) value for Datum : IND-I. Defaulting to WGS84...
Warning 1: Unhandled (yet) value for Datum : IND-I. Defaulting to WGS84...
Warning 1: Unhandled (yet) value for Datum : IND-I. Defaulting to WGS84...
Warning 1: Unhandled (yet) value for Datum : IND-I. Defaulting to WGS84...
Warning 1: Unhandled (yet) value for Datum : IND-I. Defaulting to WGS84...
Warning 1: Unhandled (yet) value for Datum : IND-I. Defaulting to WGS84...
Warning 1: Unhandled (yet) value for Datum : IND-I. Defaulting to WGS84...
Warning 1: Unhandled (yet) value for Datum : IND-I. Defaulting to WGS84...
Warning 1: Unhandled (yet) value for Datum : IND-I. Defaulting to WGS84...
Warning 1: Unhandled (yet) value for Datum : IND-I. Defaulting to WGS84...
Warning 1: Unhandled (yet) value for Datum : IND-I. Defaulting to WGS84...
Warning 1: Unhandled (yet) value for Datum : IND-I. Defaulting to WGS84...
Warning 1: Unhandled (yet) value for Datum : IND-I. Defaulting to WGS84...
Warning 1: Unhandled (yet) value for Datum : IND-I. Defaulting to WGS84...
Warning 1: Unhandled (yet) value for Datum : IND-I. Defaulting to WGS84...
Warning 1: Unhandled (yet) value for Datum : IND-I. Defaulting to WGS84...
Warning 1: Self-intersection at or near point 582035.68143065588 1160714.3287376629
Warning 1: A geometry of type MULTIPOLYGON is inserted into layer cutline of geometry type POLYGON, which is not normally allowed by the GeoPackage specification, but the driver will however do it. To create a conformant GeoPackage, if using ogr2ogr, the -nlt option can be used to override the layer geometry type. This warning will no longer be emitted for this combination of layer and feature geometry type.
Warning 1: Unhandled (yet) value for Datum : IND-I. Defaulting to WGS84...
Warning 1: Unhandled (yet) value for Datum : IND-I. Defaulting to WGS84...
Warning 1: Unhandled (yet) value for Datum : IND-I. Defaulting to WGS84...
Warning 1: Unhandled (yet) value for Datum : IND-I. Defaulting to WGS84...
Warning 1: Unhandled (yet) value for Datum : IND-I. Defaulting to WGS84...
Warning 1: Unhandled (yet) value for Datum : IND-I. Defaulting to WGS84...
Warning 1: Unhandled (yet) value for Datum : IND-I. Defaulting to WGS84...
Warning 1: Unhandled (yet) value for Datum : IND-I. Defaulting to WGS84...
Warning 1: Unhandled (yet) value for Datum : IND-I. Defaulting to WGS84...
Warning 1: Unhandled (yet) value for Datum : IND-I. Defaulting to WGS84...
Warning 1: Self-intersection at or near point 659653.1720954933 1880010.0076484338
Warning 1: A geometry of type MULTIPOLYGON is inserted into layer cutline of geometry type POLYGON, which is not normally allowed by the GeoPackage specification, but the driver will however do it. To create a conformant GeoPackage, if using ogr2ogr, the -nlt option can be used to override the layer geometry type. This warning will no longer be emitted for this combination of layer and feature geometry type.
Warning 1: Self-intersection at or near point 577137.23725024879 2488152.3083887598
Warning 1: A geometry of type MULTIPOLYGON is inserted into layer cutline of geometry type POLYGON, which is not normally allowed by the GeoPackage specification, but the driver will however do it. To create a conformant GeoPackage, if using ogr2ogr, the -nlt option can be used to override the layer geometry type. This warning will no longer be emitted for this combination of layer and feature geometry type.
Warning 1: Self-intersection at or near point 630126.36804827489 2294798.9948592042
Warning 1: A geometry of type MULTIPOLYGON is inserted into layer cutline of geometry type POLYGON, which is not normally allowed by the GeoPackage specification, but the driver will however do it. To create a conformant GeoPackage, if using ogr2ogr, the -nlt option can be used to override the layer geometry type. This warning will no longer be emitted for this combination of layer and feature geometry type.
Warning 1: Unhandled (yet) value for Datum : IND-I. Defaulting to WGS84...
Warning 1: Unhandled (yet) value for Datum : IND-I. Defaulting to WGS84...
Warning 1: Unhandled (yet) value for Datum : IND-I. Defaulting to WGS84...
Warning 1: Unhandled (yet) value for Datum : IND-I. Defaulting to WGS84...
Warning 1: Unhandled (yet) value for Datum : IND-I. Defaulting to WGS84...
Warning 1: Unhandled (yet) value for Datum : IND-I. Defaulting to WGS84...
Warning 1: Unhandled (yet) value for Datum : IND-I. Defaulting to WGS84...
Warning 1: Unhandled (yet) value for Datum : IND-I. Defaulting to WGS84...
Warning 1: Unhandled (yet) value for Datum : IND-I. Defaulting to WGS84...
Warning 1: Unhandled (yet) value for Datum : IND-I. Defaulting to WGS84...
Warning 1: Unhandled (yet) value for Datum : IND-I. Defaulting to WGS84...
Warning 1: Unhandled (yet) value for Datum : IND-I. Defaulting to WGS84...
Warning 1: Unhandled (yet) value for Datum : IND-I. Defaulting to WGS84...
Warning 1: Unhandled (yet) value for Datum : IND-I. Defaulting to WGS84...
Warning 1: Unhandled (yet) value for Datum : IND-I. Defaulting to WGS84...
Warning 1: Unhandled (yet) value for Datum : IND-I. Defaulting to WGS84...
Warning 1: Unhandled (yet) value for Datum : IND-I. Defaulting to WGS84...
Warning 1: Unhandled (yet) value for Datum : IND-I. Defaulting to WGS84...
Warning 1: Unhandled (yet) value for Datum : IND-I. Defaulting to WGS84...
Warning 1: Unhandled (yet) value for Datum : IND-I. Defaulting to WGS84...
Warning 1: Unhandled (yet) value for Datum : IND-I. Defaulting to WGS84...
Warning 1: Unhandled (yet) value for Datum : IND-I. Defaulting to WGS84...
Warning 1: Unhandled (yet) value for Datum : IND-I. Defaulting to WGS84...
Warning 1: Unhandled (yet) value for Datum : IND-I. Defaulting to WGS84...
Warning 1: Self-intersection at or near point 229130.82175818906 1466012.9911656301
Warning 1: A geometry of type MULTIPOLYGON is inserted into layer cutline of geometry type POLYGON, which is not normally allowed by the GeoPackage specification, but the driver will however do it. To create a conformant GeoPackage, if using ogr2ogr, the -nlt option can be used to override the layer geometry type. This warning will no longer be emitted for this combination of layer and feature geometry type.
Warning 1: Unhandled (yet) value for Datum : IND-I. Defaulting to WGS84...
Warning 1: Unhandled (yet) value for Datum : IND-I. Defaulting to WGS84...
Warning 1: Unhandled (yet) value for Datum : IND-I. Defaulting to WGS84...
Warning 1: Unhandled (yet) value for Datum : IND-I. Defaulting to WGS84...
Warning 1: Unhandled (yet) value for Datum : IND-I. Defaulting to WGS84...
Warning 1: Unhandled (yet) value for Datum : IND-I. Defaulting to WGS84...
Warning 1: Unhandled (yet) value for Datum : IND-I. Defaulting to WGS84...
Warning 1: Unhandled (yet) value for Datum : IND-I. Defaulting to WGS84...
Warning 1: Unhandled (yet) value for Datum : IND-I. Defaulting to WGS84...
Warning 1: Unhandled (yet) value for Datum : IND-I. Defaulting to WGS84...
Warning 1: Unhandled (yet) value for Datum : IND-I. Defaulting to WGS84...
Warning 1: Unhandled (yet) value for Datum : IND-I. Defaulting to WGS84...
Warning 1: Unhandled (yet) value for Datum : IND-I. Defaulting to WGS84...
Warning 1: Unhandled (yet) value for Datum : IND-I. Defaulting to WGS84...
Warning 1: Unhandled (yet) value for Datum : IND-I. Defaulting to WGS84...
Warning 1: Unhandled (yet) value for Datum : IND-I. Defaulting to WGS84...
Warning 1: Unhandled (yet) value for Datum : IND-I. Defaulting to WGS84...
Warning 1: Unhandled (yet) value for Datum : IND-I. Defaulting to WGS84...
Warning 1: Unhandled (yet) value for Datum : INF-A. Defaulting to WGS84...
Warning 1: Unhandled (yet) value for Datum : IND-I. Defaulting to WGS84...
Warning 1: Unhandled (yet) value for Datum : IND-I. Defaulting to WGS84...
Warning 1: Unhandled (yet) value for Datum : IND-I. Defaulting to WGS84...
Warning 1: Unhandled (yet) value for Datum : IND-I. Defaulting to WGS84...
Warning 1: Unhandled (yet) value for Datum : IND-I. Defaulting to WGS84...
Warning 1: Unhandled (yet) value for Datum : IND-I. Defaulting to WGS84...
Warning 1: Unhandled (yet) value for Datum : IND-I. Defaulting to WGS84...
Warning 1: Unhandled (yet) value for Datum : IND-I. Defaulting to WGS84...
Warning 1: Unhandled (yet) value for Datum : IND-I. Defaulting to WGS84...
Warning 1: Unhandled (yet) value for Datum : IND-I. Defaulting to WGS84...
Warning 1: Unhandled (yet) value for Datum : IND-I. Defaulting to WGS84...
Warning 1: Unhandled (yet) value for Datum : IND-I. Defaulting to WGS84...
Warning 1: Unhandled (yet) value for Datum : IND-I. Defaulting to WGS84...
Warning 1: Unhandled (yet) value for Datum : IND-I. Defaulting to WGS84...
Warning 1: Unhandled (yet) value for Datum : IND-I. Defaulting to WGS84...
Warning 1: Unhandled (yet) value for Datum : IND-I. Defaulting to WGS84...
Warning 1: Unhandled (yet) value for Datum : IND-I. Defaulting to WGS84...
Warning 1: Unhandled (yet) value for Datum : IND-I. Defaulting to WGS84...
Warning 1: Unhandled (yet) value for Datum : IND-I. Defaulting to WGS84...
Warning 1: Unhandled (yet) value for Datum : IND-I. Defaulting to WGS84...
Warning 1: Unhandled (yet) value for Datum : IND-I. Defaulting to WGS84...
Warning 1: Unhandled (yet) value for Datum : IND-I. Defaulting to WGS84...
Warning 1: Unhandled (yet) value for Datum : IND-I. Defaulting to WGS84...
Warning 1: Unhandled (yet) value for Datum : IND-I. Defaulting to WGS84...
Warning 1: Unhandled (yet) value for Datum : IND-I. Defaulting to WGS84...
Warning 1: Unhandled (yet) value for Datum : IND-I. Defaulting to WGS84...
Warning 1: Unhandled (yet) value for Datum : IND-I. Defaulting to WGS84...
Warning 1: Unhandled (yet) value for Datum : IND-I. Defaulting to WGS84...
Warning 1: Unhandled (yet) value for Datum : IND-I. Defaulting to WGS84...
Warning 1: Unhandled (yet) value for Datum : IND-I. Defaulting to WGS84...
Warning 1: Unhandled (yet) value for Datum : IND-I. Defaulting to WGS84...
Warning 1: Unhandled (yet) value for Datum : IND-I. Defaulting to WGS84...
Warning 1: Unhandled (yet) value for Datum : IND-I. Defaulting to WGS84...
Warning 1: Unhandled (yet) value for Datum : IND-I. Defaulting to WGS84...
Warning 1: Unhandled (yet) value for Datum : IND-I. Defaulting to WGS84...
Warning 1: Unhandled (yet) value for Datum : IND-I. Defaulting to WGS84...
Warning 1: Unhandled (yet) value for Datum : IND-I. Defaulting to WGS84...
Warning 1: Unhandled (yet) value for Datum : IND-I. Defaulting to WGS84...
Warning 1: Unhandled (yet) value for Datum : IND-I. Defaulting to WGS84...
Warning 1: Unhandled (yet) value for Datum : IND-I. Defaulting to WGS84...
Warning 1: Unhandled (yet) value for Datum : IND-I. Defaulting to WGS84...
Warning 1: Unhandled (yet) value for Datum : IND-I. Defaulting to WGS84...
Warning 1: Self-intersection at or near point 691016.9334311923 1244098.1119974763
Warning 1: A geometry of type MULTIPOLYGON is inserted into layer cutline of geometry type POLYGON, which is not normally allowed by the GeoPackage specification, but the driver will however do it. To create a conformant GeoPackage, if using ogr2ogr, the -nlt option can be used to override the layer geometry type. This warning will no longer be emitted for this combination of layer and feature geometry type.
Warning 1: Unhandled (yet) value for Datum : IND-I. Defaulting to WGS84...
Warning 1: Unhandled (yet) value for Datum : IND-I. Defaulting to WGS84...
Warning 1: Unhandled (yet) value for Datum : IND-I. Defaulting to WGS84...
Warning 1: Unhandled (yet) value for Datum : IND-I. Defaulting to WGS84...
Warning 1: Unhandled (yet) value for Datum : IND-I. Defaulting to WGS84...
Warning 1: Unhandled (yet) value for Datum : IND-I. Defaulting to WGS84...
Warning 1: Unhandled (yet) value for Datum : IND-I. Defaulting to WGS84...
Warning 1: Unhandled (yet) value for Datum : IND-I. Defaulting to WGS84...
Warning 1: Unhandled (yet) value for Datum : IND-I. Defaulting to WGS84...
Warning 1: Unhandled (yet) value for Datum : IND-I. Defaulting to WGS84...
Warning 1: Unhandled (yet) value for Datum : IND-I. Defaulting to WGS84...
Warning 1: Unhandled (yet) value for Datum : IND-I. Defaulting to WGS84...
Warning 1: Unhandled (yet) value for Datum : IND-I. Defaulting to WGS84...
Warning 1: Unhandled (yet) value for Datum : IND-I. Defaulting to WGS84...
Warning 1: Unhandled (yet) value for Datum : IND-I. Defaulting to WGS84...
Warning 1: Unhandled (yet) value for Datum : IND-I. Defaulting to WGS84...
Warning 1: Unhandled (yet) value for Datum : IND-I. Defaulting to WGS84...
Warning 1: Unhandled (yet) value for Datum : IND-I. Defaulting to WGS84...
Warning 1: Unhandled (yet) value for Datum : IND-I. Defaulting to WGS84...
Warning 1: Unhandled (yet) value for Datum : IND-I. Defaulting to WGS84...
Warning 1: Unhandled (yet) value for Datum : IND-I. Defaulting to WGS84...
Warning 1: Unhandled (yet) value for Datum : IND-I. Defaulting to WGS84...
Warning 1: Unhandled (yet) value for Datum : IND-I. Defaulting to WGS84...
Warning 1: Unhandled (yet) value for Datum : IND-I. Defaulting to WGS84...
Warning 1: Unhandled (yet) value for Datum : IND-I. Defaulting to WGS84...
Warning 1: Unhandled (yet) value for Datum : IND-I. Defaulting to WGS84...
Warning 1: Unhandled (yet) value for Datum : IND-I. Defaulting to WGS84...
Warning 1: Unhandled (yet) value for Datum : IND-I. Defaulting to WGS84...
Warning 1: Unhandled (yet) value for Datum : IND-I. Defaulting to WGS84...
Warning 1: Unhandled (yet) value for Datum : IND-I. Defaulting to WGS84...
Warning 1: Unhandled (yet) value for Datum : IND-I. Defaulting to WGS84...
Warning 1: Self-intersection at or near point 554836.89136298758 994811.11510200007
Warning 1: Unhandled (yet) value for Datum : IND-I. Defaulting to WGS84...
Warning 1: Unhandled (yet) value for Datum : IND-I. Defaulting to WGS84...
Warning 1: Unhandled (yet) value for Datum : IND-I. Defaulting to WGS84...
Warning 1: Unhandled (yet) value for Datum : IND-I. Defaulting to WGS84...
Warning 1: Unhandled (yet) value for Datum : IND-I. Defaulting to WGS84...
Warning 1: Unhandled (yet) value for Datum : IND-I. Defaulting to WGS84...
Warning 1: Unhandled (yet) value for Datum : IND-I. Defaulting to WGS84...
Warning 1: Unhandled (yet) value for Datum : IND-I. Defaulting to WGS84...
Warning 1: Unhandled (yet) value for Datum : IND-I. Defaulting to WGS84...
Warning 1: Unhandled (yet) value for Datum : IND-I. Defaulting to WGS84...
Warning 1: Unhandled (yet) value for Datum : IND-I. Defaulting to WGS84...
Warning 1: Unhandled (yet) value for Datum : IND-I. Defaulting to WGS84...
Warning 1: Unhandled (yet) value for Datum : IND-I. Defaulting to WGS84...
Warning 1: Unhandled (yet) value for Datum : IND-I. Defaulting to WGS84...
Warning 1: Unhandled (yet) value for Datum : IND-I. Defaulting to WGS84...
Warning 1: Unhandled (yet) value for Datum : IND-I. Defaulting to WGS84...
Warning 1: Unhandled (yet) value for Datum : IND-I. Defaulting to WGS84...
Warning 1: Unhandled (yet) value for Datum : IND-I. Defaulting to WGS84...
Warning 1: Unhandled (yet) value for Datum : IND-I. Defaulting to WGS84...
Warning 1: Unhandled (yet) value for Datum : IND-I. Defaulting to WGS84...
Warning 1: Unhandled (yet) value for Datum : IND-I. Defaulting to WGS84...
Warning 1: Unhandled (yet) value for Datum : IND-I. Defaulting to WGS84...
Warning 1: Unhandled (yet) value for Datum : IND-I. Defaulting to WGS84...
Warning 1: Unhandled (yet) value for Datum : IND-I. Defaulting to WGS84...
Warning 1: Unhandled (yet) value for Datum : IND-I. Defaulting to WGS84...
Warning 1: Unhandled (yet) value for Datum : IND-I. Defaulting to WGS84...
Warning 1: Unhandled (yet) value for Datum : IND-I. Defaulting to WGS84...
Warning 1: Unhandled (yet) value for Datum : IND-I. Defaulting to WGS84...
Warning 1: Unhandled (yet) value for Datum : IND-I. Defaulting to WGS84...
Warning 1: Unhandled (yet) value for Datum : IND-I. Defaulting to WGS84...
Warning 1: Unhandled (yet) value for Datum : IND-I. Defaulting to WGS84...
Warning 1: Unhandled (yet) value for Datum : IND-I. Defaulting to WGS84...
Warning 1: Unhandled (yet) value for Datum : IND-I. Defaulting to WGS84...
Warning 1: Unhandled (yet) value for Datum : IND-I. Defaulting to WGS84...
Warning 1: Unhandled (yet) value for Datum : IND-I. Defaulting to WGS84...
Warning 1: Unhandled (yet) value for Datum : IND-I. Defaulting to WGS84...
Warning 1: Unhandled (yet) value for Datum : IND-I. Defaulting to WGS84...
Warning 1: Unhandled (yet) value for Datum : IND-I. Defaulting to WGS84...
Warning 1: Unhandled (yet) value for Datum : IND-I. Defaulting to WGS84...
Warning 1: Unhandled (yet) value for Datum : IND-I. Defaulting to WGS84...
Warning 1: Unhandled (yet) value for Datum : IND-I. Defaulting to WGS84...
Warning 1: Unhandled (yet) value for Datum : IND-I. Defaulting to WGS84...
Warning 1: Self-intersection at or near point 318740.037771367 2378304.6363867242
Warning 1: A geometry of type MULTIPOLYGON is inserted into layer cutline of geometry type POLYGON, which is not normally allowed by the GeoPackage specification, but the driver will however do it. To create a conformant GeoPackage, if using ogr2ogr, the -nlt option can be used to override the layer geometry type. This warning will no longer be emitted for this combination of layer and feature geometry type.
Warning 1: Unhandled (yet) value for Datum : IND-I. Defaulting to WGS84...
Warning 1: Unhandled (yet) value for Datum : IND-I. Defaulting to WGS84...
Warning 1: Unhandled (yet) value for Datum : IND-I. Defaulting to WGS84...
Warning 1: Unhandled (yet) value for Datum : IND-I. Defaulting to WGS84...
Warning 1: Unhandled (yet) value for Datum : IND-I. Defaulting to WGS84...
Warning 1: Unhandled (yet) value for Datum : IND-I. Defaulting to WGS84...
Warning 1: Unhandled (yet) value for Datum : IND-I. Defaulting to WGS84...
Warning 1: Unhandled (yet) value for Datum : IND-I. Defaulting to WGS84...
Warning 1: Unhandled (yet) value for Datum : IND-I. Defaulting to WGS84...
Warning 1: Unhandled (yet) value for Datum : IND-I. Defaulting to WGS84...
Warning 1: Unhandled (yet) value for Datum : IND-I. Defaulting to WGS84...
Warning 1: Unhandled (yet) value for Datum : IND-I. Defaulting to WGS84...
Warning 1: Unhandled (yet) value for Datum : IND-I. Defaulting to WGS84...
Warning 1: Unhandled (yet) value for Datum : IND-I. Defaulting to WGS84...
Warning 1: Unhandled (yet) value for Datum : IND-I. Defaulting to WGS84...
Warning 1: Unhandled (yet) value for Datum : IND-I. Defaulting to WGS84...
Warning 1: Unhandled (yet) value for Datum : IND-I. Defaulting to WGS84...
Warning 1: Unhandled (yet) value for Datum : IND-I. Defaulting to WGS84...
Warning 1: Unhandled (yet) value for Datum : IND-I. Defaulting to WGS84...
Warning 1: Unhandled (yet) value for Datum : IND-I. Defaulting to WGS84...
Warning 1: Unhandled (yet) value for Datum : IND-I. Defaulting to WGS84...
Warning 1: Unhandled (yet) value for Datum : IND-I. Defaulting to WGS84...
Warning 1: Unhandled (yet) value for Datum : IND-I. Defaulting to WGS84...
Warning 1: Unhandled (yet) value for Datum : IND-I. Defaulting to WGS84...
Warning 1: Unhandled (yet) value for Datum : IND-I. Defaulting to WGS84...
Warning 1: Unhandled (yet) value for Datum : IND-I. Defaulting to WGS84...
Warning 1: Unhandled (yet) value for Datum : IND-I. Defaulting to WGS84...
Warning 1: Unhandled (yet) value for Datum : IND-I. Defaulting to WGS84...
Warning 1: Unhandled (yet) value for Datum : IND-I. Defaulting to WGS84...
Warning 1: Unhandled (yet) value for Datum : IND-I. Defaulting to WGS84...
Warning 1: Unhandled (yet) value for Datum : IND-I. Defaulting to WGS84...
Warning 1: Unhandled (yet) value for Datum : IND-I. Defaulting to WGS84...
Warning 1: Unhandled (yet) value for Datum : IND-I. Defaulting to WGS84...
Warning 1: Unhandled (yet) value for Datum : IND-I. Defaulting to WGS84...
Warning 1: Unhandled (yet) value for Datum : IND-I. Defaulting to WGS84...
Warning 1: Unhandled (yet) value for Datum : IND-I. Defaulting to WGS84...
Warning 1: Unhandled (yet) value for Datum : IND-I. Defaulting to WGS84...
Warning 1: Unhandled (yet) value for Datum : IND-I. Defaulting to WGS84...
Warning 1: Unhandled (yet) value for Datum : IND-I. Defaulting to WGS84...
Warning 1: Unhandled (yet) value for Datum : IND-I. Defaulting to WGS84...
Warning 1: Unhandled (yet) value for Datum : IND-I. Defaulting to WGS84...
Warning 1: Unhandled (yet) value for Datum : IND-I. Defaulting to WGS84...
Warning 1: Unhandled (yet) value for Datum : IND-I. Defaulting to WGS84...
Warning 1: Unhandled (yet) value for Datum : IND-I. Defaulting to WGS84...
Warning 1: Unhandled (yet) value for Datum : IND-I. Defaulting to WGS84...
Warning 1: Unhandled (yet) value for Datum : IND-I. Defaulting to WGS84...
Warning 1: Unhandled (yet) value for Datum : IND-I. Defaulting to WGS84...
Warning 1: Unhandled (yet) value for Datum : IND-I. Defaulting to WGS84...
Warning 1: Unhandled (yet) value for Datum : IND-I. Defaulting to WGS84...
Warning 1: Unhandled (yet) value for Datum : IND-I. Defaulting to WGS84...
Warning 1: Unhandled (yet) value for Datum : IND-I. Defaulting to WGS84...
Warning 1: Unhandled (yet) value for Datum : IND-I. Defaulting to WGS84...
Warning 1: Unhandled (yet) value for Datum : IND-I. Defaulting to WGS84...
Warning 1: Unhandled (yet) value for Datum : IND-I. Defaulting to WGS84...
Warning 1: Unhandled (yet) value for Datum : IND-I. Defaulting to WGS84...
Warning 1: Unhandled (yet) value for Datum : IND-I. Defaulting to WGS84...
Warning 1: Unhandled (yet) value for Datum : IND-I. Defaulting to WGS84...
Warning 1: Unhandled (yet) value for Datum : IND-I. Defaulting to WGS84...
Warning 1: Unhandled (yet) value for Datum : IND-I. Defaulting to WGS84...
Warning 1: Unhandled (yet) value for Datum : IND-I. Defaulting to WGS84...
Warning 1: Unhandled (yet) value for Datum : IND-I. Defaulting to WGS84...
Warning 1: Unhandled (yet) value for Datum : IND-I. Defaulting to WGS84...
Warning 1: Unhandled (yet) value for Datum : IND-I. Defaulting to WGS84...
Warning 1: Unhandled (yet) value for Datum : IND-I. Defaulting to WGS84...
Warning 1: Unhandled (yet) value for Datum : IND-I. Defaulting to WGS84...
Warning 1: Unhandled (yet) value for Datum : IND-I. Defaulting to WGS84...
Warning 1: Unhandled (yet) value for Datum : IND-I. Defaulting to WGS84...
  NOGEO a_ro-6440-2: no georeference of any kind
  NOGEO a_sap-6441-2: no georeference of any kind
  NOGEO ap_lai_bang-6441-1: no georeference of any kind
  NOGEO ban_alot-6440-4: no georeference of any kind
  NOGEO ban_keon_long-5750-2: no georeference of any kind
  NOGEO ban_kho-5949-3: no georeference of any kind
  NOGEO ban_ko-6441-3: no georeference of any kind
  NOGEO ban_lot-5851-3: no georeference of any kind
  NOGEO ban_mac-5754-4: no georeference of any kind
  NOGEO ban_mangha_noy-6439-1: no georeference of any kind
  NOGEO ban_nam_cum-5654-3: no georeference of any kind
  NOGEO ban_nathin-6144-3: no georeference of any kind
  OFFGRID ban_pou_sung-5650-1: control points 0.07458 deg off the printed graticule
  NOGEO ban_tai-5946-1: no georeference of any kind
  NOGEO ban_tangyoun-6440-3: no georeference of any kind
  NOGEO ban_tem-5847-2: no georeference of any kind
  NOGEO ban_vang-ala-6243-3: no georeference of any kind
  NOGEO binh_khe-6736-1: no georeference of any kind
  OFFGRID bon_dak_ndrot-6534-3: control points 0.07504 deg off the printed graticule
  NOGEO bon_drang_phok-6534-4: no georeference of any kind
  OFFGRID bu_gia-6433-3: control points 0.07618 deg off the printed graticule
  NOGEO cam-lo-6342-1: no georeference of any kind
  NOGEO chau_phu-6030-3: no georeference of any kind
  NOGEO con_son-6326-3: no georeference of any kind
  NOGEO d_go_kram-6539-3: no georeference of any kind
  NOGEO dak_dam-6433-1: no georeference of any kind
  NOGEO dak_palouat-6438-1: no georeference of any kind
  NOGEO dak_to-6538-2: no georeference of any kind
  OFFGRID dak_sut-6538-4: control points 0.07450 deg off the printed graticule
  NOGEO dong_xuan-6835-4: no georeference of any kind
  NOGEO duc_hue-6230-4: no georeference of any kind
  NOGEO duong_dong-5729-2: no georeference of any kind
  NOGEO giao_san-5654-1: no georeference of any kind
  NOGEO hai_dong-6836-1: no georeference of any kind
  NOGEO hon_thom-5728-1: no georeference of any kind
  NOGEO hon_tre-6833-2: no georeference of any kind
  NOGEO hong_ngu-6030-1: no georeference of any kind
  NOGEO ile_cu_xu-6550-1: no georeference of any kind
  NOGEO ile_de_la_table-6550-4: no georeference of any kind
  NOGEO ile_tching_lan_xan-6551-2: no georeference of any kind
  NOGEO kien_luong-5929-4: no georeference of any kind
  NOGEO lao_kay-5754-2: no georeference of any kind
  NOGEO loc_ninh-6332-4: no georeference of any kind
  NOGEO loung_mang-6155-3: no georeference of any kind
  NOGEO lung_cung-6155-2: no georeference of any kind
  OFFGRID moc_hoa-6130-1: control points 0.07567 deg off the printed graticule
  NOGEO muong_hung-5750-1: no georeference of any kind
  NOGEO muong_khuong-5854-4: no georeference of any kind
  NOGEO muong_lat-5950-3: no georeference of any kind
  NOGEO nghia_do_tong-5853-1: no georeference of any kind
  NOGEO ngo_xa_thong-6148-4: no georeference of any kind
  NOGEO o_rang-6433-4: no georeference of any kind
  NOGEO o_tea-6434-1: no georeference of any kind
  NOGEO peta_pac-6539-4: no georeference of any kind
  NOGEO ph_ba_kham-6436-1: no georeference of any kind
  NOGEO phu_nam_sau-5554-4: no georeference of any kind
  NOGEO phum_kham_dorang-6437-1: no georeference of any kind
  NOGEO phu_tu_lum-5454-1: no georeference of any kind
  NOGEO pieng_yao-5949-1: no georeference of any kind
  OFFGRID pleiku-6636-4: control points 0.07603 deg off the printed graticule
  NOGEO polei_jar_sieng-6537-4: no georeference of any kind
  NOGEO prey_nhay-6131-3: no georeference of any kind
  NOGEO ta_dath-6232-3: no georeference of any kind
  NOGEO tan_chau-6030-4: no georeference of any kind
  OFFGRID tan_tao-6530-3: control points 0.00417 deg off the printed graticule
  OFFGRID thon_vu_bon-6731-1: control points 0.02218 deg off the printed graticule
  OFFGRID tinh_xuyen-6147-1: control points 0.03333 deg off the printed graticule
  NOGEO vinh_thanh-6130-4: no georeference of any kind
  NOGEO xamtai-5948-4: no georeference of any kind
  OFFGRID xom_ong_thay-5729-1: control points 0.01667 deg off the printed graticule
  OFFGRID xom_ong_trang-5926-2: control points 0.05000 deg off the printed graticule
  NOGEO ya_lop-6535-4: no georeference of any kind
  NOGEO yok_mbre-6535-3: no georeference of any kind
warp: nogeo=62, offgrid=11, ok=437
  offgrid sheets were left out of the mosaic rather than placed wrongly.
