Resolving IIIF base for map bdf3936f-4501-4b54-8acd-d80f352f26fa ...
Fetching image info from https://iiif.maparchive.vn/iiif/bdf3936f-4501-4b54-8acd-d80f352f26fa/info.json ...
  Manual crop: (325, 187, 4442, 2967)
  Scale: 4.258 m/px (4.2382 x, 4.2773 y; 0.9% anisotropic, 4 gcps, polynomial)
  Sizing: tile 640 render 640 -> 2725 m/call, 4.26 m per rendered px, grid 9x6 = 54 tiles, smallest edge tile 89% [not 1400 m: the 640px tile floor bound, so this sheet wants a larger --tile-metres]  (--overlap ignored; 25% of the tile)
  ⚠ Coarse scan: 4.26 m in every source pixel. The frame is normalised to a fixed patch budget before the model sees it, so no tile size or render size recovers ink the scan never captured — expect low recall and look for a better source before spending more.
  Auto-priority: computing density + colour pre-pass ...
  Auto-priority: 0 skip, 0 low-res, 54 full of 54 tiles
  Image: 5089×3615 px → 54 tiles (640px, 160px overlap, render=640px)
  0 already done, 54 to process (concurrency=3)
  Row-sequence mode: 54 tiles → 18 calls (max 4 frames/call)
  Row [1/18] (325,187 + 325,667 + 805,187 + 805,667) [4 frames] ... 19 extractions
  Row [2/18] (805,667 + 1285,187 + 1285,667 + 1765,187) [4 frames] ... 28 extractions
  Row [3/18] (1765,187 + 1765,667 + 2245,187 + 2245,667) [4 frames] ... 41 extractions
  Row [4/18] (2245,667 + 2725,187 + 2725,667 + 3205,187) [4 frames] ... 28 extractions
  Row [5/18] (3205,187 + 3205,667 + 3685,187 + 3685,667) [4 frames] ... 20 extractions
  Row [6/18] (3685,667 + 4165,187 + 4165,667) [3 frames] ... 18 extractions
  Row [7/18] (325,1147 + 325,1627 + 325,2107 + 325,2587) [4 frames] ... 25 extractions
  Row [8/18] (325,2587 + 805,1147 + 805,1627 + 805,2107) [4 frames] ... 31 extractions
  Row [9/18] (805,2107 + 805,2587 + 1285,1147 + 1285,1627) [4 frames] ... 34 extractions
  Row [10/18] (1285,1627 + 1285,2107 + 1285,2587 + 1765,1147) [4 frames] ... 36 extractions
  Row [11/18] (1765,1147 + 1765,1627 + 1765,2107 + 1765,2587) [4 frames] ... 35 extractions
  Row [12/18] (1765,2587 + 2245,1147 + 2245,1627 + 2245,2107) [4 frames] ... 44 extractions
  Row [13/18] (2245,2107 + 2245,2587 + 2725,1147 + 2725,1627) [4 frames] ... 50 extractions
  Row [14/18] (2725,1627 + 2725,2107 + 2725,2587 + 3205,1147) [4 frames] ... 29 extractions
  Row [15/18] (3205,1147 + 3205,1627 + 3205,2107 + 3205,2587) [4 frames] ... 30 extractions
  Row [16/18] (3205,2587 + 3685,1147 + 3685,1627 + 3685,2107) [4 frames] ... 19 extractions
  Row [17/18] (3685,2107 + 3685,2587 + 4165,1147 + 4165,1627) [4 frames] ... 26 extractions
  Row [18/18] (4165,1627 + 4165,2107 + 4165,2587) [3 frames] ... 19 extractions

Collecting and deduplicating all extractions ...
Dedup: 532 raw → 272 unique extractions (confirmed=271, uncertain=1, conf ≥ 0.5)
Master output: /Users/airm1/Desktop/svelte-beta/work/ocr/outputs/bdf3936f-4501-4b54-8acd-d80f352f26fa/runs/tonkin-probe-20260913/all_extractions.json
DB: upserted 272 deduped rows (532 raw per-tile) to ocr_extractions
[legend] no cartouche/ruled-box region found — skipped
Run dir: /Users/airm1/Desktop/svelte-beta/work/ocr/outputs/bdf3936f-4501-4b54-8acd-d80f352f26fa/runs/tonkin-probe-20260913
