  6146-2    pdf mean    1126 m  worst    1982 m  Nghi Xuan
  6349-4    pdf mean     788 m  worst    1760 m  Cua Tra Ly
  6630-4    pdf mean     665 m  worst    2630 m  Xa Phan Thiet
  6832-1    pdf mean     533 m  worst     539 m  Nui Cam Linh
  6833-3    pdf mean     533 m  worst     543 m  Nha Trang
  6731-4    pdf mean     532 m  worst     536 m  Hai Ninh
  6832-3    pdf mean     529 m  worst     541 m  Thanh Hai
  6834-3    pdf mean     528 m  worst     533 m  Van Gia
  6833-1    pdf mean     528 m  worst     532 m  Ninh Phuoc
  6832-4    pdf mean     526 m  worst     533 m  Cam Ranh
  6831-4    pdf mean     526 m  worst     531 m  Thon Son Hai
  6734-1    pdf mean     526 m  worst     530 m  Phu Duc
  6834-4    pdf mean     525 m  worst     535 m  Lien Thach
  6732-1    pdf mean     524 m  worst     535 m  Thon Ma Ty
  6835-1    pdf mean     524 m  worst     528 m  Tuy An
  6834-2    pdf mean     523 m  worst     531 m  Ninh Lam
  6735-4    pdf mean     523 m  worst     532 m  Buon Thoat
  6836-3    pdf mean     522 m  worst     530 m  Thach Khe
  6734-2    pdf mean     520 m  worst     528 m  Buon Ea Thi
  6734-3    pdf mean     520 m  worst     525 m  Ban Mtrong
  6733-3    pdf mean     519 m  worst     533 m  B Du Damour
  6635-1    pdf mean     518 m  worst     534 m  Cheo Reo
  6532-1    pdf mean     518 m  worst     521 m  Kro Layu
  6733-4    pdf mean     518 m  worst     521 m  Lak Ea Gam
  6735-2    pdf mean     518 m  worst     532 m  Son Hoa
  6632-3    pdf mean     517 m  worst     522 m  Di Linh
  6531-1    pdf mean     517 m  worst     519 m  Cirlao Da Srang
  6632-2    pdf mean     517 m  worst     524 m  Dai Ninh
  6631-4    pdf mean     517 m  worst     527 m  Ap Gia Bac
  6736-3    pdf mean     516 m  worst     524 m  Plei Djama
  6634-2    pdf mean     515 m  worst     521 m  Ban Ti Srenh
  6533-2    pdf mean     515 m  worst     530 m  Ban Ndoh
  6635-3    pdf mean     515 m  worst     517 m  Ban Drang
  6735-1    pdf mean     514 m  worst     519 m  Triem Duc
  6633-4    pdf mean     514 m  worst     520 m  Buon Dong Bak
  6734-4    pdf mean     514 m  worst     527 m  Ban Mgam
  6533-4    pdf mean     513 m  worst     572 m  Duc Minh
  6533-3    pdf mean     512 m  worst     526 m  Nghia Tin
  6635-4    pdf mean     512 m  worst     532 m  Ban Tsham
  6635-2    pdf mean     512 m  worst     515 m  Ban Suk Hdrah
  6633-1    pdf mean     512 m  worst     518 m  Buon Ja Ea Kuat
  6636-2    pdf mean     511 m  worst     515 m  Phu Thien
  6532-2    pdf mean     511 m  worst     535 m  Bao Loc
  6634-3    pdf mean     509 m  worst     511 m  Ban Me Thuot
  6536-2    pdf mean     509 m  worst     514 m  Xuong Kuang
  6534-1    pdf mean     509 m  worst     520 m  Ban Don
  6636-3    pdf mean     508 m  worst     512 m  Phu Nhon
  6431-4    pdf mean     507 m  worst     514 m  Ap Cau Cay
  6634-4    pdf mean     506 m  worst     517 m  Buon Trap
  6432-2    pdf mean     505 m  worst     507 m  B Rdu
  6532-4    pdf mean     505 m  worst     511 m  Gia Nghia
  6431-1    pdf mean     504 m  worst     522 m  Loi Tan
  6128-2    pdf mean     500 m  worst     517 m  Khanh Hung
  6332-2    pdf mean     500 m  worst     516 m  Dong Xoai
  6228-3    pdf mean     499 m  worst     503 m  Long Pu
  6232-2    pdf mean     499 m  worst     569 m  Bo Tuc
  6229-1    pdf mean     499 m  worst     511 m  Mi Tho
  6228-4    pdf mean     499 m  worst     510 m  Cau Ke
  6027-1    pdf mean     498 m  worst     507 m  Phuoc Long
  6331-1    pdf mean     498 m  worst     504 m  Phuoc Vinh
  6227-4    pdf mean     498 m  worst     509 m  Lac Hoa
  6229-3    pdf mean     498 m  worst     500 m  Vung Liem
  6230-1    pdf mean     497 m  worst     509 m  Duc Hoa
  6432-4    pdf mean     496 m  worst     512 m  Dong Sre Viet
  6128-4    pdf mean     495 m  worst     505 m  Rach Goi
  6127-2    pdf mean     495 m  worst     509 m  Giong Giua
  6231-3    pdf mean     495 m  worst     566 m  An Thanh
  6230-2    pdf mean     495 m  worst     502 m  Tan An
  6129-1    pdf mean     495 m  worst     506 m  Sa Dec
  6127-1    pdf mean     494 m  worst     495 m  Vinh Chau
  6231-2    pdf mean     494 m  worst     498 m  Hieu Thien
  6231-4    pdf mean     493 m  worst     501 m  Tay Ninh
  6229-4    pdf mean     493 m  worst     494 m  Khiem Ich
  6229-2    pdf mean     493 m  worst     498 m  Truc Giang
  6228-1    pdf mean     492 m  worst     499 m  Phu Vinh
  6026-3    pdf mean     492 m  worst     501 m  Duong Keo
  6028-1    pdf mean     491 m  worst     496 m  Duc Long
  6027-2    pdf mean     489 m  worst     506 m  Gia Rai
  6129-4    pdf mean     489 m  worst     505 m  Cao Lanh
  6027-3    pdf mean     488 m  worst     494 m  Quan Long
  6026-4    pdf mean     488 m  worst     499 m  Cai Nuoc
  6027-4    pdf mean     485 m  worst     492 m  Thoi Binh
  6029-4    pdf mean     485 m  worst     490 m  Tri Ton
  6029-2    pdf mean     485 m  worst     503 m  Co Do
  6127-4    pdf mean     485 m  worst     504 m  Vinh Loi
  5927-2    pdf mean     484 m  worst     496 m  Song Ong Doc
  5926-1    pdf mean     482 m  worst     488 m  Nam Can
  6551-4    pdf mean     481 m  worst     501 m  Dam Ha
  6029-3    pdf mean     481 m  worst     486 m  Rach Gia
  6631-1    pdf mean     478 m  worst     522 m  Soprai
  6532-3    pdf mean     477 m  worst     517 m  B Dan Deung
  6451-4    pdf mean     473 m  worst     482 m  Chau Son
  6030-2    pdf mean     473 m  worst     486 m  An Long
  6451-2    pdf mean     472 m  worst     474 m  Cam Pha
  6352-3    pdf mean     471 m  worst     476 m  On
  5929-3    pdf mean     470 m  worst     488 m  Hon Chong
  6450-1    pdf mean     469 m  worst     475 m  Ile Longue
  6450-3    pdf mean     469 m  worst     474 m  Cat Ba
  6451-3    pdf mean     468 m  worst     479 m  Lang Troi
  6351-4    pdf mean     467 m  worst     477 m  Chu
  6352-2    pdf mean     465 m  worst     471 m  Dong Quan
  6450-4    pdf mean     465 m  worst     469 m  Hong Gai
  6351-2    pdf mean     465 m  worst     473 m  Uong Bi
  6250-2    pdf mean     464 m  worst     471 m  Ninh Giang
  6352-1    pdf mean     463 m  worst     470 m  Lang Son
  6252-2    pdf mean     462 m  worst     466 m  Lang Met
  6250-1    pdf mean     462 m  worst     469 m  Hai Duong
  6245-4    pdf mean     462 m  worst     465 m  Nhuong Ban
  6146-3    pdf mean     461 m  worst     480 m  Vinh
  6146-4    pdf mean     461 m  worst     463 m  Phu Dien Chau
  6351-3    pdf mean     460 m  worst     464 m  Dong Trieu
  6252-3    pdf mean     459 m  worst     464 m  Mo Trang
  6249-3    pdf mean     459 m  worst     463 m  Phat Diem
  6251-2    pdf mean     459 m  worst     471 m  Pha Lai
  6253-3    pdf mean     458 m  worst     494 m  Yen Lac
  6251-1    pdf mean     458 m  worst     469 m  Luc Nam
  6354-3    pdf mean     458 m  worst     463 m  Phuc Hoa
  5928-1    pdf mean     457 m  worst     493 m  Dong Thai
  6254-2    pdf mean     457 m  worst     480 m  Cao Bang
  6251-4    pdf mean     457 m  worst     462 m  Phu Lang Thuong
  6149-1    pdf mean     456 m  worst     464 m  Ninh Binh
  6152-2    pdf mean     456 m  worst     467 m  Thai Nguyen
  6253-1    pdf mean     456 m  worst     461 m  That Khe
  6253-4    pdf mean     456 m  worst     482 m  Ban Cao
  6148-1    pdf mean     456 m  worst     466 m  Thanh Hoa
  6253-2    pdf mean     455 m  worst     466 m  Fac Ta
  6353-3    pdf mean     455 m  worst     465 m  Na Cham
  6250-4    pdf mean     455 m  worst     458 m  Ke Sat
  6252-4    pdf mean     455 m  worst     463 m  La Gieo
  6354-4    pdf mean     455 m  worst     463 m  Trung Khanh Phu
  6250-3    pdf mean     455 m  worst     464 m  Hung Yen
  6151-2    pdf mean     454 m  worst     465 m  Ha Noi
  6147-4    pdf mean     454 m  worst     472 m  Phong Bai
  6249-4    pdf mean     454 m  worst     455 m  Nam Dinh
  6046-1    pdf mean     453 m  worst     471 m  Cam Ngoc
  6248-4    pdf mean     453 m  worst     458 m  Cua Day
  5947-2    pdf mean     453 m  worst     465 m  Con Cuong
  6147-3    pdf mean     453 m  worst     468 m  Cho Giat
  6148-2    pdf mean     453 m  worst     463 m  Sam Son
  6148-3    pdf mean     452 m  worst     457 m  Tong Cong
  6047-2    pdf mean     452 m  worst     471 m  Xom Bau
  6047-3    pdf mean     452 m  worst     463 m  Lang Rao
  6145-1    pdf mean     452 m  worst     466 m  Ha Tinh
  6153-2    pdf mean     451 m  worst     455 m  Bac Kan
  6026-1    pdf mean     451 m  worst     498 m  Thuan Hoa
  6046-2    pdf mean     451 m  worst     464 m  Pho Chau
  5947-1    pdf mean     450 m  worst     458 m  Ban Na Ca
  6351-1    pdf mean     450 m  worst     458 m  Thanh Am
  6049-1    pdf mean     450 m  worst     458 m  Lang Be
  6151-3    pdf mean     450 m  worst     459 m  Son Tay
  6047-1    pdf mean     450 m  worst     458 m  Nghia Hung
  6150-1    pdf mean     450 m  worst     459 m  Ha Dong
  6048-1    pdf mean     449 m  worst     459 m  Bai Thuong
  6046-4    pdf mean     449 m  worst     456 m  Tri Le
  6045-1    pdf mean     448 m  worst     467 m  Rao Qua
  6048-3    pdf mean     448 m  worst     458 m  Ke Bon
  6153-3    pdf mean     447 m  worst     459 m  Cho Don
  6049-2    pdf mean     447 m  worst     452 m  Lang Tung
  6154-1    pdf mean     447 m  worst     454 m  Nam Quet
  6254-3    pdf mean     447 m  worst     464 m  Nuoc Hai
  6050-2    pdf mean     447 m  worst     460 m  Lang Tam
  6049-3    pdf mean     447 m  worst     458 m  Lang Chanh
  6052-1    pdf mean     447 m  worst     466 m  Thuc Thuy
  6149-4    pdf mean     447 m  worst     465 m  Xom Go
  6050-1    pdf mean     446 m  worst     462 m  Hoa Binh
  6153-1    pdf mean     446 m  worst     455 m  Na Fac
  6254-4    pdf mean     446 m  worst     453 m  Soc Giang
  6047-4    pdf mean     446 m  worst     455 m  Ban Dan
  6053-3    pdf mean     444 m  worst     464 m  Ham Yen
  6154-2    pdf mean     444 m  worst     451 m  Nguyen Binh
  6254-1    pdf mean     444 m  worst     467 m  Tra Linh
  6051-4    pdf mean     444 m  worst     453 m  Phu Tho
  6053-1    pdf mean     443 m  worst     452 m  Paka
  6052-2    pdf mean     443 m  worst     448 m  Le My
  6735-3    pdf mean     443 m  worst     524 m  Phu Tuc
  6051-1    pdf mean     443 m  worst     449 m  Viet Tri
  6153-4    pdf mean     441 m  worst     448 m  Cho Ra
  6050-4    pdf mean     441 m  worst     451 m  Cho Bo
  6053-2    pdf mean     441 m  worst     452 m  Chiem Hoa
  6049-4    pdf mean     441 m  worst     447 m  Hoi Xuan
  6052-4    pdf mean     440 m  worst     462 m  Tuyen Quang
  6046-3    pdf mean     440 m  worst     451 m  Ban Ka Long
  5952-2    pdf mean     439 m  worst     448 m  Yen Bay
  6054-4    pdf mean     439 m  worst     446 m  Muong Cha
  5953-3    pdf mean     439 m  worst     450 m  Luc An Chau
  5947-4    pdf mean     438 m  worst     448 m  Ban Xieng Lip
  5951-2    pdf mean     438 m  worst     449 m  Nuoc Moc
  6048-4    pdf mean     438 m  worst     448 m  Ban Pang
  5848-2    pdf mean     437 m  worst     443 m  Ban Tha Lang
  6054-1    pdf mean     437 m  worst     449 m  Ban Le
  6055-2    pdf mean     437 m  worst     457 m  Na Kung
  6054-2    pdf mean     437 m  worst     456 m  Bac Me
  6053-4    pdf mean     437 m  worst     449 m  Lang Dat
  6051-2    pdf mean     436 m  worst     448 m  Hoang Xa
  5953-1    pdf mean     436 m  worst     447 m  Bac Quang
  5847-1    pdf mean     436 m  worst     442 m  Cua Rao
  5952-1    pdf mean     435 m  worst     444 m  Phu Yen Binh
  6051-3    pdf mean     435 m  worst     440 m  Xom Chai
  5950-4    pdf mean     435 m  worst     440 m  Moc Chau
  5848-3    pdf mean     435 m  worst     450 m  Ban Huoi Heo
  5953-2    pdf mean     435 m  worst     442 m  Lang Muong
  5954-2    pdf mean     435 m  worst     447 m  Lang Zoi
  5948-1    pdf mean     434 m  worst     449 m  Ban Xen Con
  5853-2    pdf mean     434 m  worst     442 m  Bao Ha
  6055-3    pdf mean     434 m  worst     449 m  Na Lay
  5950-2    pdf mean     434 m  worst     442 m  Ban Na Sun
  6129-2    pdf mean     433 m  worst     489 m  Can Tho
  5951-3    pdf mean     433 m  worst     451 m  Van Yen
  6054-3    pdf mean     432 m  worst     442 m  Na Mong
  5851-1    pdf mean     431 m  worst     434 m  Ban Luu
  5954-1    pdf mean     431 m  worst     439 m  Ha Giang
  5847-4    pdf mean     430 m  worst     438 m  Muong Sen
  5852-4    pdf mean     430 m  worst     437 m  Kim Noi
  5852-2    pdf mean     430 m  worst     435 m  Muong Chen
  5852-3    pdf mean     429 m  worst     444 m  Ban Na Tong
  5852-1    pdf mean     428 m  worst     440 m  Tu Le
  5953-4    pdf mean     427 m  worst     431 m  Yen Binh Xa
  5854-3    pdf mean     426 m  worst     435 m  Ngai Fong Tion
  5854-2    pdf mean     426 m  worst     429 m  Pa Kha
  5751-1    pdf mean     425 m  worst     433 m  Son La
  5954-3    pdf mean     422 m  worst     440 m  Hoang Su Phi
  5853-4    pdf mean     420 m  worst     424 m  Pho Lu
  5752-1    pdf mean     419 m  worst     433 m  Than Uyen
  5851-4    pdf mean     419 m  worst     427 m  Ban Ang
  5753-4    pdf mean     419 m  worst     428 m  Ban Ko La
  5753-3    pdf mean     418 m  worst     423 m  Muong Khoa
  5753-1    pdf mean     417 m  worst     426 m  Lao Kay
  5651-2    pdf mean     416 m  worst     428 m  Ban Kha
  5652-2    pdf mean     415 m  worst     421 m  Tuan Giao
  6028-2    pdf mean     414 m  worst     489 m  Kien Hung
  5753-2    pdf mean     414 m  worst     420 m  Chom Chang
  5754-3    pdf mean     413 m  worst     427 m  Muong Hum
  5651-1    pdf mean     413 m  worst     424 m  Ban Muong Lan
  5653-3    pdf mean     412 m  worst     423 m  Lai Chau
  5653-2    pdf mean     412 m  worst     419 m  Nam Ma
  5654-2    pdf mean     411 m  worst     414 m  Phong Tho
  5553-2    pdf mean     411 m  worst     422 m  Muong No
  5553-1    pdf mean     408 m  worst     416 m  Muong Boum
  5652-1    pdf mean     407 m  worst     415 m  Ban Nam Nen
  5652-4    pdf mean     406 m  worst     420 m  Muong Tong
  5653-4    pdf mean     406 m  worst     409 m  Ta Phing
  5553-4    pdf mean     405 m  worst     413 m  Muong Te
  5553-3    pdf mean     405 m  worst     409 m  Muong Tong
  5554-3    pdf mean     402 m  worst     405 m  Ban La Sin
  5453-1    pdf mean     401 m  worst     404 m  Giang Mung Pho
  5552-1    pdf mean     400 m  worst     404 m  Muong Cha
  6452-2    pdf mean     398 m  worst     483 m  Binh Lieu
  6052-3    pdf mean     396 m  worst     452 m  Doan Hung
  6252-1    pdf mean     387 m  worst     482 m  Pho Binh Gia
  6331-3    pdf mean     376 m  worst     499 m  Ben Cat
  6129-3    pdf mean     369 m  worst     466 m  Phong Phu
  6048-2    pdf mean     362 m  worst     452 m  Dong Tau
  5752-4    pdf mean     350 m  worst     426 m  Quynh Nhai
  6029-1    pdf mean     345 m  worst     475 m  Long Xuyen
  5952-3    pdf mean     343 m  worst     425 m  Nghia Lo
  6145-4    pdf mean     321 m  worst     441 m  Quang Te
  5947-3    pdf mean     318 m  worst     438 m  Khe Bo
  5454-2    pdf mean     318 m  worst     394 m  Ban Me Rang
  5651-3    pdf mean     289 m  worst     400 m  Ban Na Phai
  6531-2    pdf mean     272 m  worst     524 m  Xa Tram Da Mi
  6531-3    pdf mean     270 m  worst     518 m  Tanh Linh
  6631-2    pdf mean     270 m  worst     522 m  Ap Luong Tay
  6731-3    pdf mean     266 m  worst     531 m  Phan Ri
  6431-3    pdf mean     264 m  worst     523 m  Xa Gia Kiem
  6331-2    pdf mean     264 m  worst     502 m  Tan Uyen
  6431-2    pdf mean     264 m  worst     524 m  Dinh Quan
  6836-4    pdf mean     261 m  worst     526 m  Qui Nhon
  6736-4    pdf mean     261 m  worst     523 m  An Tuc
  6636-1    pdf mean     260 m  worst     515 m  Chu Rpan
  6328-4    pdf mean     259 m  worst     505 m  Thanh Phu
  6328-3    pdf mean     258 m  worst     499 m  Ba Dong
  5653-1    pdf mean     257 m  worst     402 m  Phu Nung Nong
  6536-4    pdf mean     255 m  worst     507 m  Thanh An
  6245-3    pdf mean     242 m  worst     467 m  Tuan Tuong
  6245-2    pdf mean     237 m  worst     468 m  Ky Anh
  6145-2    pdf mean     200 m  worst     455 m  La Khe Thon
fit: 161 sheets on cell, median 11 m, worst 50 m
fit: 276 of 437 sheets more than 150 m off their cell -- do not upload this archive
